
> frontend@0.0.0 build
> tsc -b && vite build

[36mvite v8.1.4 [32mbuilding client environment for production...[36m[39m
[2K
transforming...Γ£ô 2181 modules transformed.
rendering chunks...
computing gzip size...
dist/index.html                         0.48 kB Γöé gzip:   0.32 kB
dist/assets/logo-Bc0CZ0Od.png         237.21 kB
dist/assets/rmmc-logo-c9H4ag6k.png  1,536.14 kB
dist/assets/cite-logo-MSxwvGjt.png  1,606.50 kB
dist/assets/index-2SaDLH4A.css         59.95 kB Γöé gzip:  12.94 kB
dist/assets/index-CMGqwGsZ.js       1,324.36 kB Γöé gzip: 342.09 kB

[32mΓ£ô built in 1.19s[39m
node.exe : [33m[plugin builtin:vite-reporter] 
At line:1 char:1
+ & "C:\Program Files\nodejs/node.exe" "C:\Program Files\nodejs/node_mo ...
+ ~~~~~~~~~~~~~~~~~~~~~~~~~~~~~~~~~~~~~~~~~~~~~~~~~~~~~~~~~~~~~~~~~~~~~
    + CategoryInfo          : NotSpecified: ([33m[plugin builtin:vite-reporte 
   r] :String) [], RemoteException
    + FullyQualifiedErrorId : NativeCommandError
 
(!) Some chunks are larger than 500 kB after minification. Consider:
- Using dynamic import() to code-split the application
- Use build.rolldownOptions.output.codeSplitting to improve chunking: 
https://rolldown.rs/reference/OutputOptions.codeSplitting
- Adjust chunk size limit for this warning via 
build.chunkSizeWarningLimit.[39m
